2025-09-28 11:07:49.196 [main] INFO  com.cc.monitor.MonitorApplication - Starting MonitorApplication v0.0.1-SNAPSHOT on DESKTOP-L09EKHO with PID 13652 (D:\code\money\visualvm-client\java\monitor-0.0.1-SNAPSHOT.jar started by SY199 in D:\code\money\visualvm-client\java)
2025-09-28 11:07:49.206 [main] INFO  com.cc.monitor.MonitorApplication - No active profile set, falling back to default profiles: default
2025-09-28 11:07:49.771 [main] INFO  org.springframework.data.repository.config.RepositoryConfigurationDelegate - Bootstrapping Spring Data JPA repositories in DEFAULT mode.
2025-09-28 11:07:49.843 [main] INFO  org.springframework.data.repository.config.RepositoryConfigurationDelegate - Finished Spring Data repository scanning in 63ms. Found 3 JPA repository interfaces.
2025-09-28 11:07:50.162 [main] INFO  o.s.context.support.PostProcessorRegistrationDelegate$BeanPostProcessorChecker - Bean 'org.springframework.transaction.annotation.ProxyTransactionManagementConfiguration' of type [org.springframework.transaction.annotation.ProxyTransactionManagementConfiguration] is not eligible for getting processed by all BeanPostProcessors (for example: not eligible for auto-proxying)
2025-09-28 11:07:50.901 [main] INFO  org.springframework.boot.web.embedded.tomcat.TomcatWebServer - Tomcat initialized with port(s): 8099 (http)
2025-09-28 11:07:50.912 [main] INFO  org.apache.coyote.http11.Http11NioProtocol - Initializing ProtocolHandler ["http-nio-8099"]
2025-09-28 11:07:50.912 [main] INFO  org.apache.catalina.core.StandardService - Starting service [Tomcat]
2025-09-28 11:07:50.913 [main] INFO  org.apache.catalina.core.StandardEngine - Starting Servlet engine: [Apache Tomcat/9.0.30]
2025-09-28 11:07:50.968 [main] INFO  org.apache.catalina.core.ContainerBase.[Tomcat].[localhost].[/cvm] - Initializing Spring embedded WebApplicationContext
2025-09-28 11:07:50.968 [main] INFO  org.springframework.web.context.ContextLoader - Root WebApplicationContext: initialization completed in 1710 ms
2025-09-28 11:07:51.006 [main] INFO  com.zaxxer.hikari.HikariDataSource - HikariPool-1 - Starting...
2025-09-28 11:07:51.263 [main] INFO  com.zaxxer.hikari.HikariDataSource - HikariPool-1 - Start completed.
2025-09-28 11:07:51.272 [main] INFO  org.springframework.boot.autoconfigure.h2.H2ConsoleAutoConfiguration - H2 console available at '/h2-console'. Database available at 'jdbc:h2:file:./db/monitor'
2025-09-28 11:07:51.457 [main] INFO  org.hibernate.jpa.internal.util.LogHelper - HHH000204: Processing PersistenceUnitInfo [name: default]
2025-09-28 11:07:51.543 [main] INFO  org.hibernate.Version - HHH000412: Hibernate Core {5.4.10.Final}
2025-09-28 11:07:51.706 [main] INFO  org.hibernate.annotations.common.Version - HCANN000001: Hibernate Commons Annotations {5.1.0.Final}
2025-09-28 11:07:51.841 [main] INFO  org.hibernate.dialect.Dialect - HHH000400: Using dialect: org.hibernate.dialect.H2Dialect
2025-09-28 11:07:52.565 [main] INFO  org.hibernate.engine.transaction.jta.platform.internal.JtaPlatformInitiator - HHH000490: Using JtaPlatform implementation: [org.hibernate.engine.transaction.jta.platform.internal.NoJtaPlatform]
2025-09-28 11:07:52.572 [main] INFO  org.springframework.orm.jpa.LocalContainerEntityManagerFactoryBean - Initialized JPA EntityManagerFactory for persistence unit 'default'
2025-09-28 11:07:53.277 [main] INFO  org.springframework.scheduling.concurrent.ThreadPoolTaskExecutor - Initializing ExecutorService 'applicationTaskExecutor'
2025-09-28 11:07:53.498 [main] INFO  org.springframework.scheduling.concurrent.ThreadPoolTaskScheduler - Initializing ExecutorService 'taskScheduler'
2025-09-28 11:07:53.531 [main] INFO  org.apache.coyote.http11.Http11NioProtocol - Starting ProtocolHandler ["http-nio-8099"]
2025-09-28 11:07:53.583 [main] INFO  org.springframework.boot.web.embedded.tomcat.TomcatWebServer - Tomcat started on port(s): 8099 (http) with context path '/cvm'
2025-09-28 11:07:53.587 [main] INFO  com.cc.monitor.MonitorApplication - Started MonitorApplication in 4.876 seconds (JVM running for 5.298)
2025-09-28 11:07:53.590 [main] INFO  com.cc.monitor.listener.AppStartupListener - 监控工具启动完成！
2025-09-28 11:10:58.709 [http-nio-8099-exec-5] INFO  org.apache.catalina.core.ContainerBase.[Tomcat].[localhost].[/cvm] - Initializing Spring DispatcherServlet 'dispatcherServlet'
2025-09-28 11:10:58.710 [http-nio-8099-exec-5] INFO  org.springframework.web.servlet.DispatcherServlet - Initializing Servlet 'dispatcherServlet'
2025-09-28 11:10:58.716 [http-nio-8099-exec-5] INFO  org.springframework.web.servlet.DispatcherServlet - Completed initialization in 6 ms
2025-09-28 14:06:15.829 [main] INFO  com.cc.monitor.MonitorApplication - Starting MonitorApplication v0.0.1-SNAPSHOT on DESKTOP-L09EKHO with PID 14784 (D:\code\money\visualvm-client\java\monitor-0.0.1-SNAPSHOT.jar started by SY199 in D:\code\money\visualvm-client\java)
2025-09-28 14:06:15.832 [main] INFO  com.cc.monitor.MonitorApplication - No active profile set, falling back to default profiles: default
2025-09-28 14:06:16.464 [main] INFO  org.springframework.data.repository.config.RepositoryConfigurationDelegate - Bootstrapping Spring Data JPA repositories in DEFAULT mode.
2025-09-28 14:06:16.538 [main] INFO  org.springframework.data.repository.config.RepositoryConfigurationDelegate - Finished Spring Data repository scanning in 65ms. Found 3 JPA repository interfaces.
2025-09-28 14:06:16.852 [main] INFO  o.s.context.support.PostProcessorRegistrationDelegate$BeanPostProcessorChecker - Bean 'org.springframework.transaction.annotation.ProxyTransactionManagementConfiguration' of type [org.springframework.transaction.annotation.ProxyTransactionManagementConfiguration] is not eligible for getting processed by all BeanPostProcessors (for example: not eligible for auto-proxying)
2025-09-28 14:06:17.618 [main] INFO  org.springframework.boot.web.embedded.tomcat.TomcatWebServer - Tomcat initialized with port(s): 8099 (http)
2025-09-28 14:06:17.633 [main] INFO  org.apache.coyote.http11.Http11NioProtocol - Initializing ProtocolHandler ["http-nio-8099"]
2025-09-28 14:06:17.634 [main] INFO  org.apache.catalina.core.StandardService - Starting service [Tomcat]
2025-09-28 14:06:17.634 [main] INFO  org.apache.catalina.core.StandardEngine - Starting Servlet engine: [Apache Tomcat/9.0.30]
2025-09-28 14:06:17.717 [main] INFO  org.apache.catalina.core.ContainerBase.[Tomcat].[localhost].[/cvm] - Initializing Spring embedded WebApplicationContext
2025-09-28 14:06:17.718 [main] INFO  org.springframework.web.context.ContextLoader - Root WebApplicationContext: initialization completed in 1837 ms
2025-09-28 14:06:17.785 [main] INFO  com.zaxxer.hikari.HikariDataSource - HikariPool-1 - Starting...
2025-09-28 14:06:18.181 [main] INFO  com.zaxxer.hikari.HikariDataSource - HikariPool-1 - Start completed.
2025-09-28 14:06:18.188 [main] INFO  org.springframework.boot.autoconfigure.h2.H2ConsoleAutoConfiguration - H2 console available at '/h2-console'. Database available at 'jdbc:h2:file:./db/monitor'
2025-09-28 14:06:18.377 [main] INFO  org.hibernate.jpa.internal.util.LogHelper - HHH000204: Processing PersistenceUnitInfo [name: default]
2025-09-28 14:06:18.509 [main] INFO  org.hibernate.Version - HHH000412: Hibernate Core {5.4.10.Final}
2025-09-28 14:06:18.699 [main] INFO  org.hibernate.annotations.common.Version - HCANN000001: Hibernate Commons Annotations {5.1.0.Final}
2025-09-28 14:06:18.821 [main] INFO  org.hibernate.dialect.Dialect - HHH000400: Using dialect: org.hibernate.dialect.H2Dialect
2025-09-28 14:06:19.338 [main] INFO  org.hibernate.engine.transaction.jta.platform.internal.JtaPlatformInitiator - HHH000490: Using JtaPlatform implementation: [org.hibernate.engine.transaction.jta.platform.internal.NoJtaPlatform]
2025-09-28 14:06:19.344 [main] INFO  org.springframework.orm.jpa.LocalContainerEntityManagerFactoryBean - Initialized JPA EntityManagerFactory for persistence unit 'default'
2025-09-28 14:06:20.183 [main] INFO  org.springframework.scheduling.concurrent.ThreadPoolTaskExecutor - Initializing ExecutorService 'applicationTaskExecutor'
2025-09-28 14:06:20.438 [main] INFO  org.springframework.scheduling.concurrent.ThreadPoolTaskScheduler - Initializing ExecutorService 'taskScheduler'
2025-09-28 14:06:20.480 [main] INFO  org.apache.coyote.http11.Http11NioProtocol - Starting ProtocolHandler ["http-nio-8099"]
2025-09-28 14:06:20.532 [main] INFO  org.springframework.boot.web.embedded.tomcat.TomcatWebServer - Tomcat started on port(s): 8099 (http) with context path '/cvm'
2025-09-28 14:06:20.537 [main] INFO  com.cc.monitor.MonitorApplication - Started MonitorApplication in 5.229 seconds (JVM running for 5.751)
2025-09-28 14:06:20.540 [main] INFO  com.cc.monitor.listener.AppStartupListener - 监控工具启动完成！
2025-09-28 14:06:24.121 [http-nio-8099-exec-1] INFO  org.apache.catalina.core.ContainerBase.[Tomcat].[localhost].[/cvm] - Initializing Spring DispatcherServlet 'dispatcherServlet'
2025-09-28 14:06:24.123 [http-nio-8099-exec-1] INFO  org.springframework.web.servlet.DispatcherServlet - Initializing Servlet 'dispatcherServlet'
2025-09-28 14:06:24.129 [http-nio-8099-exec-1] INFO  org.springframework.web.servlet.DispatcherServlet - Completed initialization in 6 ms
